  state:not started, normal, ok
  Welcome to Space Defender Version 2.
->play(5,30,101,101,101,101,101)
  state:weapon setup, normal, ok
  1:Standard (A single projectile is fired in front)
    Health:10, Energy:10, Regen:0/1, Armour:0, Vision:1, Move:1, Move Cost:1,
    Projectile Damage:70, Projectile Cost:5 (energy)
  2:Spread (Three projectiles are fired in front, two going diagonal)
    Health:0, Energy:60, Regen:0/2, Armour:1, Vision:0, Move:0, Move Cost:2,
    Projectile Damage:50, Projectile Cost:10 (energy)
  3:Snipe (Fast and high damage projectile, but only travels via teleporting)
    Health:0, Energy:100, Regen:0/5, Armour:0, Vision:10, Move:3, Move Cost:0,
    Projectile Damage:1000, Projectile Cost:20 (energy)
  4:Rocket (Two projectiles appear behind to the sides of the Starfighter and accelerates)
    Health:10, Energy:0, Regen:10/0, Armour:2, Vision:2, Move:0, Move Cost:3,
    Projectile Damage:100, Projectile Cost:10 (health)
  5:Splitter (A single mine projectile is placed in front of the Starfighter)
    Health:0, Energy:100, Regen:0/10, Armour:0, Vision:0, Move:0, Move Cost:5,
    Projectile Damage:150, Projectile Cost:70 (energy)
  Weapon Selected:Standard
->setup_next(5)
  state:in game(0.0), normal, ok
  Starfighter:
    [0,S]->health:70/70, energy:70/70, Regen:1/3, Armour:1, Vision:13, Move:10, Move Cost:3, location:[C,1]
      Projectile Pattern:Standard, Projectile Damage:70, Projectile Cost:5 (energy)
      Power:Recall (50 energy): Teleport back to spawn.
      score:0
      1  2  3  4  5  6  7  8  9 10 11 12 13 14 15 16 17 18 19 20 21 22 23 24 25 26 27 28 29 30
    A _  _  _  _  _  _  _  _  _  _  _  _  ?  ?  ?  ?  ?  ?  ?  ?  ?  ?  ?  ?  ?  ?  ?  ?  ?  ?
    B _  _  _  _  _  _  _  _  _  _  _  _  _  ?  ?  ?  ?  ?  ?  ?  ?  ?  ?  ?  ?  ?  ?  ?  ?  ?
    C S  _  _  _  _  _  _  _  _  _  _  _  _  _  ?  ?  ?  ?  ?  ?  ?  ?  ?  ?  ?  ?  ?  ?  ?  ?
    D _  _  _  _  _  _  _  _  _  _  _  _  _  ?  ?  ?  ?  ?  ?  ?  ?  ?  ?  ?  ?  ?  ?  ?  ?  ?
    E _  _  _  _  _  _  _  _  _  _  _  _  ?  ?  ?  ?  ?  ?  ?  ?  ?  ?  ?  ?  ?  ?  ?  ?  ?  ?
->toggle_debug_mode
  state:in game(0.1), debug, ok
  In debug mode.
->fire
  state:in game(1.0), debug, ok
  Starfighter:
    [0,S]->health:70/70, energy:65/70, Regen:1/3, Armour:1, Vision:13, Move:10, Move Cost:3, location:[C,1]
      Projectile Pattern:Standard, Projectile Damage:70, Projectile Cost:5 (energy)
      Power:Recall (50 energy): Teleport back to spawn.
      score:0
  Enemy:
    [1,G]->health:100/100, Regen:1, Armour:1, Vision:5, seen_by_Starfighter:F, can_see_Starfighter:F, location:[A,30]
  Projectile:
    [-1,*]->damage:70, move:5, location:[C,2]
  Friendly Projectile Action:
  Enemy Projectile Action:
  Starfighter Action:
    The Starfighter(id:0) fires at location [C,1].
      A friendly projectile(id:-1) spawns at location [C,2].
  Enemy Action:
  Natural Enemy Spawn:
    A Grunt(id:1) spawns at location [A,30].
      1  2  3  4  5  6  7  8  9 10 11 12 13 14 15 16 17 18 19 20 21 22 23 24 25 26 27 28 29 30
    A _  _  _  _  _  _  _  _  _  _  _  _  _  _  _  _  _  _  _  _  _  _  _  _  _  _  _  _  _  G
    B _  _  _  _  _  _  _  _  _  _  _  _  _  _  _  _  _  _  _  _  _  _  _  _  _  _  _  _  _  _
    C S  *  _  _  _  _  _  _  _  _  _  _  _  _  _  _  _  _  _  _  _  _  _  _  _  _  _  _  _  _
    D _  _  _  _  _  _  _  _  _  _  _  _  _  _  _  _  _  _  _  _  _  _  _  _  _  _  _  _  _  _
    E _  _  _  _  _  _  _  _  _  _  _  _  _  _  _  _  _  _  _  _  _  _  _  _  _  _  _  _  _  _
->pass
  state:in game(2.0), debug, ok
  Starfighter:
    [0,S]->health:70/70, energy:70/70, Regen:1/3, Armour:1, Vision:13, Move:10, Move Cost:3, location:[C,1]
      Projectile Pattern:Standard, Projectile Damage:70, Projectile Cost:5 (energy)
      Power:Recall (50 energy): Teleport back to spawn.
      score:0
  Enemy:
    [1,G]->health:110/110, Regen:1, Armour:1, Vision:5, seen_by_Starfighter:F, can_see_Starfighter:F, location:[A,28]
    [2,G]->health:100/100, Regen:1, Armour:1, Vision:5, seen_by_Starfighter:F, can_see_Starfighter:F, location:[A,30]
  Projectile:
    [-1,*]->damage:70, move:5, location:[C,7]
    [-2,<]->damage:15, move:4, location:[A,27]
  Friendly Projectile Action:
    A friendly projectile(id:-1) moves: [C,2] -> [C,7]
  Enemy Projectile Action:
  Starfighter Action:
    The Starfighter(id:0) passes at location [C,1], doubling regen rate.
  Enemy Action:
    A Grunt(id:1) gains 10 total health.
    A Grunt(id:1) moves: [A,30] -> [A,28]
      A enemy projectile(id:-2) spawns at location [A,27].
  Natural Enemy Spawn:
    A Grunt(id:2) spawns at location [A,30].
      1  2  3  4  5  6  7  8  9 10 11 12 13 14 15 16 17 18 19 20 21 22 23 24 25 26 27 28 29 30
    A _  _  _  _  _  _  _  _  _  _  _  _  _  _  _  _  _  _  _  _  _  _  _  _  _  _  <  G  _  G
    B _  _  _  _  _  _  _  _  _  _  _  _  _  _  _  _  _  _  _  _  _  _  _  _  _  _  _  _  _  _
    C S  _  _  _  _  _  *  _  _  _  _  _  _  _  _  _  _  _  _  _  _  _  _  _  _  _  _  _  _  _
    D _  _  _  _  _  _  _  _  _  _  _  _  _  _  _  _  _  _  _  _  _  _  _  _  _  _  _  _  _  _
    E _  _  _  _  _  _  _  _  _  _  _  _  _  _  _  _  _  _  _  _  _  _  _  _  _  _  _  _  _  _
->pass
  state:in game(3.0), debug, ok
  Starfighter:
    [0,S]->health:70/70, energy:70/70, Regen:1/3, Armour:1, Vision:13, Move:10, Move Cost:3, location:[C,1]
      Projectile Pattern:Standard, Projectile Damage:70, Projectile Cost:5 (energy)
      Power:Recall (50 energy): Teleport back to spawn.
      score:0
  Enemy:
    [1,G]->health:120/120, Regen:1, Armour:1, Vision:5, seen_by_Starfighter:F, can_see_Starfighter:F, location:[A,26]
    [2,G]->health:110/110, Regen:1, Armour:1, Vision:5, seen_by_Starfighter:F, can_see_Starfighter:F, location:[A,28]
    [3,G]->health:100/100, Regen:1, Armour:1, Vision:5, seen_by_Starfighter:F, can_see_Starfighter:F, location:[C,30]
  Projectile:
    [-1,*]->damage:70, move:5, location:[C,12]
    [-2,<]->damage:15, move:4, location:[A,23]
    [-3,<]->damage:15, move:4, location:[A,25]
    [-4,<]->damage:15, move:4, location:[A,27]
  Friendly Projectile Action:
    A friendly projectile(id:-1) moves: [C,7] -> [C,12]
  Enemy Projectile Action:
    A enemy projectile(id:-2) moves: [A,27] -> [A,23]
  Starfighter Action:
    The Starfighter(id:0) passes at location [C,1], doubling regen rate.
  Enemy Action:
    A Grunt(id:1) gains 10 total health.
    A Grunt(id:2) gains 10 total health.
    A Grunt(id:1) moves: [A,28] -> [A,26]
      A enemy projectile(id:-3) spawns at location [A,25].
    A Grunt(id:2) moves: [A,30] -> [A,28]
      A enemy projectile(id:-4) spawns at location [A,27].
  Natural Enemy Spawn:
    A Grunt(id:3) spawns at location [C,30].
      1  2  3  4  5  6  7  8  9 10 11 12 13 14 15 16 17 18 19 20 21 22 23 24 25 26 27 28 29 30
    A _  _  _  _  _  _  _  _  _  _  _  _  _  _  _  _  _  _  _  _  _  _  <  _  <  G  <  G  _  _
    B _  _  _  _  _  _  _  _  _  _  _  _  _  _  _  _  _  _  _  _  _  _  _  _  _  _  _  _  _  _
    C S  _  _  _  _  _  _  _  _  _  _  *  _  _  _  _  _  _  _  _  _  _  _  _  _  _  _  _  _  G
    D _  _  _  _  _  _  _  _  _  _  _  _  _  _  _  _  _  _  _  _  _  _  _  _  _  _  _  _  _  _
    E _  _  _  _  _  _  _  _  _  _  _  _  _  _  _  _  _  _  _  _  _  _  _  _  _  _  _  _  _  _
->pass
  state:in game(4.0), debug, ok
  Starfighter:
    [0,S]->health:70/70, energy:70/70, Regen:1/3, Armour:1, Vision:13, Move:10, Move Cost:3, location:[C,1]
      Projectile Pattern:Standard, Projectile Damage:70, Projectile Cost:5 (energy)
      Power:Recall (50 energy): Teleport back to spawn.
      score:0
  Enemy:
    [1,G]->health:130/130, Regen:1, Armour:1, Vision:5, seen_by_Starfighter:F, can_see_Starfighter:F, location:[A,24]
    [2,G]->health:120/120, Regen:1, Armour:1, Vision:5, seen_by_Starfighter:F, can_see_Starfighter:F, location:[A,26]
    [3,G]->health:110/110, Regen:1, Armour:1, Vision:5, seen_by_Starfighter:F, can_see_Starfighter:F, location:[C,28]
    [4,G]->health:100/100, Regen:1, Armour:1, Vision:5, seen_by_Starfighter:F, can_see_Starfighter:F, location:[B,30]
  Projectile:
    [-1,*]->damage:70, move:5, location:[C,17]
    [-2,<]->damage:15, move:4, location:[A,19]
    [-3,<]->damage:15, move:4, location:[A,21]
    [-5,<]->damage:15, move:4, location:[A,23]
    [-6,<]->damage:15, move:4, location:[A,25]
    [-7,<]->damage:15, move:4, location:[C,27]
  Friendly Projectile Action:
    A friendly projectile(id:-1) moves: [C,12] -> [C,17]
  Enemy Projectile Action:
    A enemy projectile(id:-2) moves: [A,23] -> [A,19]
    A enemy projectile(id:-3) moves: [A,25] -> [A,21]
    A enemy projectile(id:-4) moves: [A,27] -> [A,26]
      The projectile collides with Grunt(id:1) at location [A,26], healing 15 damage.
  Starfighter Action:
    The Starfighter(id:0) passes at location [C,1], doubling regen rate.
  Enemy Action:
    A Grunt(id:1) gains 10 total health.
    A Grunt(id:2) gains 10 total health.
    A Grunt(id:3) gains 10 total health.
    A Grunt(id:1) moves: [A,26] -> [A,24]
      A enemy projectile(id:-5) spawns at location [A,23].
    A Grunt(id:2) moves: [A,28] -> [A,26]
      A enemy projectile(id:-6) spawns at location [A,25].
    A Grunt(id:3) moves: [C,30] -> [C,28]
      A enemy projectile(id:-7) spawns at location [C,27].
  Natural Enemy Spawn:
    A Grunt(id:4) spawns at location [B,30].
      1  2  3  4  5  6  7  8  9 10 11 12 13 14 15 16 17 18 19 20 21 22 23 24 25 26 27 28 29 30
    A _  _  _  _  _  _  _  _  _  _  _  _  _  _  _  _  _  _  <  _  <  _  <  G  <  G  _  _  _  _
    B _  _  _  _  _  _  _  _  _  _  _  _  _  _  _  _  _  _  _  _  _  _  _  _  _  _  _  _  _  G
    C S  _  _  _  _  _  _  _  _  _  _  _  _  _  _  _  *  _  _  _  _  _  _  _  _  _  <  G  _  _
    D _  _  _  _  _  _  _  _  _  _  _  _  _  _  _  _  _  _  _  _  _  _  _  _  _  _  _  _  _  _
    E _  _  _  _  _  _  _  _  _  _  _  _  _  _  _  _  _  _  _  _  _  _  _  _  _  _  _  _  _  _
->pass
  state:in game(5.0), debug, ok
  Starfighter:
    [0,S]->health:70/70, energy:70/70, Regen:1/3, Armour:1, Vision:13, Move:10, Move Cost:3, location:[C,1]
      Projectile Pattern:Standard, Projectile Damage:70, Projectile Cost:5 (energy)
      Power:Recall (50 energy): Teleport back to spawn.
      score:0
  Enemy:
    [1,G]->health:140/140, Regen:1, Armour:1, Vision:5, seen_by_Starfighter:F, can_see_Starfighter:F, location:[A,22]
    [2,G]->health:130/130, Regen:1, Armour:1, Vision:5, seen_by_Starfighter:F, can_see_Starfighter:F, location:[A,24]
    [3,G]->health:120/120, Regen:1, Armour:1, Vision:5, seen_by_Starfighter:F, can_see_Starfighter:F, location:[C,26]
    [4,G]->health:110/110, Regen:1, Armour:1, Vision:5, seen_by_Starfighter:F, can_see_Starfighter:F, location:[B,28]
    [5,G]->health:100/100, Regen:1, Armour:1, Vision:5, seen_by_Starfighter:F, can_see_Starfighter:F, location:[D,30]
  Projectile:
    [-1,*]->damage:70, move:5, location:[C,22]
    [-2,<]->damage:15, move:4, location:[A,15]
    [-3,<]->damage:15, move:4, location:[A,17]
    [-5,<]->damage:15, move:4, location:[A,19]
    [-7,<]->damage:15, move:4, location:[C,23]
    [-8,<]->damage:15, move:4, location:[A,21]
    [-9,<]->damage:15, move:4, location:[A,23]
    [-10,<]->damage:15, move:4, location:[C,25]
    [-11,<]->damage:15, move:4, location:[B,27]
  Friendly Projectile Action:
    A friendly projectile(id:-1) moves: [C,17] -> [C,22]
  Enemy Projectile Action:
    A enemy projectile(id:-2) moves: [A,19] -> [A,15]
    A enemy projectile(id:-3) moves: [A,21] -> [A,17]
    A enemy projectile(id:-5) moves: [A,23] -> [A,19]
    A enemy projectile(id:-6) moves: [A,25] -> [A,24]
      The projectile collides with Grunt(id:1) at location [A,24], healing 15 damage.
    A enemy projectile(id:-7) moves: [C,27] -> [C,23]
  Starfighter Action:
    The Starfighter(id:0) passes at location [C,1], doubling regen rate.
  Enemy Action:
    A Grunt(id:1) gains 10 total health.
    A Grunt(id:2) gains 10 total health.
    A Grunt(id:3) gains 10 total health.
    A Grunt(id:4) gains 10 total health.
    A Grunt(id:1) moves: [A,24] -> [A,22]
      A enemy projectile(id:-8) spawns at location [A,21].
    A Grunt(id:2) moves: [A,26] -> [A,24]
      A enemy projectile(id:-9) spawns at location [A,23].
    A Grunt(id:3) moves: [C,28] -> [C,26]
      A enemy projectile(id:-10) spawns at location [C,25].
    A Grunt(id:4) moves: [B,30] -> [B,28]
      A enemy projectile(id:-11) spawns at location [B,27].
  Natural Enemy Spawn:
    A Grunt(id:5) spawns at location [D,30].
      1  2  3  4  5  6  7  8  9 10 11 12 13 14 15 16 17 18 19 20 21 22 23 24 25 26 27 28 29 30
    A _  _  _  _  _  _  _  _  _  _  _  _  _  _  <  _  <  _  <  _  <  G  <  G  _  _  _  _  _  _
    B _  _  _  _  _  _  _  _  _  _  _  _  _  _  _  _  _  _  _  _  _  _  _  _  _  _  <  G  _  _
    C S  _  _  _  _  _  _  _  _  _  _  _  _  _  _  _  _  _  _  _  _  *  <  _  <  G  _  _  _  _
    D _  _  _  _  _  _  _  _  _  _  _  _  _  _  _  _  _  _  _  _  _  _  _  _  _  _  _  _  _  G
    E _  _  _  _  _  _  _  _  _  _  _  _  _  _  _  _  _  _  _  _  _  _  _  _  _  _  _  _  _  _
->pass
  state:in game(6.0), debug, ok
  Starfighter:
    [0,S]->health:70/70, energy:70/70, Regen:1/3, Armour:1, Vision:13, Move:10, Move Cost:3, location:[C,1]
      Projectile Pattern:Standard, Projectile Damage:70, Projectile Cost:5 (energy)
      Power:Recall (50 energy): Teleport back to spawn.
      score:0
  Enemy:
    [1,G]->health:150/150, Regen:1, Armour:1, Vision:5, seen_by_Starfighter:F, can_see_Starfighter:F, location:[A,20]
    [2,G]->health:140/140, Regen:1, Armour:1, Vision:5, seen_by_Starfighter:F, can_see_Starfighter:F, location:[A,22]
    [3,G]->health:92/130, Regen:1, Armour:1, Vision:5, seen_by_Starfighter:F, can_see_Starfighter:F, location:[C,24]
    [4,G]->health:120/120, Regen:1, Armour:1, Vision:5, seen_by_Starfighter:F, can_see_Starfighter:F, location:[B,26]
    [5,G]->health:110/110, Regen:1, Armour:1, Vision:5, seen_by_Starfighter:F, can_see_Starfighter:F, location:[D,28]
    [6,G]->health:100/100, Regen:1, Armour:1, Vision:5, seen_by_Starfighter:F, can_see_Starfighter:F, location:[A,30]
  Projectile:
    [-2,<]->damage:15, move:4, location:[A,11]
    [-3,<]->damage:15, move:4, location:[A,13]
    [-5,<]->damage:15, move:4, location:[A,15]
    [-8,<]->damage:15, move:4, location:[A,17]
    [-11,<]->damage:15, move:4, location:[B,23]
    [-12,<]->damage:15, move:4, location:[A,19]
    [-13,<]->damage:15, move:4, location:[A,21]
    [-14,<]->damage:15, move:4, location:[C,23]
    [-15,<]->damage:15, move:4, location:[B,25]
    [-16,<]->damage:15, move:4, location:[D,27]
  Friendly Projectile Action:
    A friendly projectile(id:-1) moves: [C,22] -> [C,26]
      The projectile collides with enemy projectile(id:-7) at location [C,23], negating damage.
      The projectile collides with enemy projectile(id:-10) at location [C,25], negating damage.
      The projectile collides with Grunt(id:3) at location [C,26], dealing 39 damage.
  Enemy Projectile Action:
    A enemy projectile(id:-2) moves: [A,15] -> [A,11]
    A enemy projectile(id:-3) moves: [A,17] -> [A,13]
    A enemy projectile(id:-5) moves: [A,19] -> [A,15]
    A enemy projectile(id:-8) moves: [A,21] -> [A,17]
    A enemy projectile(id:-9) moves: [A,23] -> [A,22]
      The projectile collides with Grunt(id:1) at location [A,22], healing 15 damage.
    A enemy projectile(id:-11) moves: [B,27] -> [B,23]
  Starfighter Action:
    The Starfighter(id:0) passes at location [C,1], doubling regen rate.
  Enemy Action:
    A Grunt(id:1) gains 10 total health.
    A Grunt(id:2) gains 10 total health.
    A Grunt(id:3) gains 10 total health.
    A Grunt(id:4) gains 10 total health.
    A Grunt(id:5) gains 10 total health.
    A Grunt(id:1) moves: [A,22] -> [A,20]
      A enemy projectile(id:-12) spawns at location [A,19].
    A Grunt(id:2) moves: [A,24] -> [A,22]
      A enemy projectile(id:-13) spawns at location [A,21].
    A Grunt(id:3) moves: [C,26] -> [C,24]
      A enemy projectile(id:-14) spawns at location [C,23].
    A Grunt(id:4) moves: [B,28] -> [B,26]
      A enemy projectile(id:-15) spawns at location [B,25].
    A Grunt(id:5) moves: [D,30] -> [D,28]
      A enemy projectile(id:-16) spawns at location [D,27].
  Natural Enemy Spawn:
    A Grunt(id:6) spawns at location [A,30].
      1  2  3  4  5  6  7  8  9 10 11 12 13 14 15 16 17 18 19 20 21 22 23 24 25 26 27 28 29 30
    A _  _  _  _  _  _  _  _  _  _  <  _  <  _  <  _  <  _  <  G  <  G  _  _  _  _  _  _  _  G
    B _  _  _  _  _  _  _  _  _  _  _  _  _  _  _  _  _  _  _  _  _  _  <  _  <  G  _  _  _  _
    C S  _  _  _  _  _  _  _  _  _  _  _  _  _  _  _  _  _  _  _  _  _  <  G  _  _  _  _  _  _
    D _  _  _  _  _  _  _  _  _  _  _  _  _  _  _  _  _  _  _  _  _  _  _  _  _  _  <  G  _  _
    E _  _  _  _  _  _  _  _  _  _  _  _  _  _  _  _  _  _  _  _  _  _  _  _  _  _  _  _  _  _
->fire
  state:in game(7.0), debug, ok
  Starfighter:
    [0,S]->health:70/70, energy:65/70, Regen:1/3, Armour:1, Vision:13, Move:10, Move Cost:3, location:[C,1]
      Projectile Pattern:Standard, Projectile Damage:70, Projectile Cost:5 (energy)
      Power:Recall (50 energy): Teleport back to spawn.
      score:0
  Enemy:
    [1,G]->health:150/150, Regen:1, Armour:1, Vision:5, seen_by_Starfighter:F, can_see_Starfighter:F, location:[A,18]
    [2,G]->health:140/140, Regen:1, Armour:1, Vision:5, seen_by_Starfighter:F, can_see_Starfighter:F, location:[A,20]
    [3,G]->health:93/130, Regen:1, Armour:1, Vision:5, seen_by_Starfighter:F, can_see_Starfighter:F, location:[C,22]
    [4,G]->health:120/120, Regen:1, Armour:1, Vision:5, seen_by_Starfighter:F, can_see_Starfighter:F, location:[B,24]
    [5,G]->health:110/110, Regen:1, Armour:1, Vision:5, seen_by_Starfighter:F, can_see_Starfighter:F, location:[D,26]
    [6,G]->health:100/100, Regen:1, Armour:1, Vision:5, seen_by_Starfighter:F, can_see_Starfighter:F, location:[A,28]
    [7,G]->health:100/100, Regen:1, Armour:1, Vision:5, seen_by_Starfighter:F, can_see_Starfighter:F, location:[B,30]
  Projectile:
    [-2,<]->damage:15, move:4, location:[A,7]
    [-3,<]->damage:15, move:4, location:[A,9]
    [-5,<]->damage:15, move:4, location:[A,11]
    [-8,<]->damage:15, move:4, location:[A,13]
    [-11,<]->damage:15, move:4, location:[B,19]
    [-12,<]->damage:15, move:4, location:[A,15]
    [-14,<]->damage:15, move:4, location:[C,19]
    [-15,<]->damage:15, move:4, location:[B,21]
    [-16,<]->damage:15, move:4, location:[D,23]
    [-17,*]->damage:70, move:5, location:[C,2]
    [-18,<]->damage:15, move:4, location:[A,17]
    [-19,<]->damage:15, move:4, location:[A,19]
    [-20,<]->damage:15, move:4, location:[C,21]
    [-21,<]->damage:15, move:4, location:[B,23]
    [-22,<]->damage:15, move:4, location:[D,25]
    [-23,<]->damage:15, move:4, location:[A,27]
  Friendly Projectile Action:
  Enemy Projectile Action:
    A enemy projectile(id:-2) moves: [A,11] -> [A,7]
    A enemy projectile(id:-3) moves: [A,13] -> [A,9]
    A enemy projectile(id:-5) moves: [A,15] -> [A,11]
    A enemy projectile(id:-8) moves: [A,17] -> [A,13]
    A enemy projectile(id:-11) moves: [B,23] -> [B,19]
    A enemy projectile(id:-12) moves: [A,19] -> [A,15]
    A enemy projectile(id:-13) moves: [A,21] -> [A,20]
      The projectile collides with Grunt(id:1) at location [A,20], healing 15 damage.
    A enemy projectile(id:-14) moves: [C,23] -> [C,19]
    A enemy projectile(id:-15) moves: [B,25] -> [B,21]
    A enemy projectile(id:-16) moves: [D,27] -> [D,23]
  Starfighter Action:
    The Starfighter(id:0) fires at location [C,1].
      A friendly projectile(id:-17) spawns at location [C,2].
  Enemy Action:
    A Grunt(id:1) moves: [A,20] -> [A,18]
      A enemy projectile(id:-18) spawns at location [A,17].
    A Grunt(id:2) moves: [A,22] -> [A,20]
      A enemy projectile(id:-19) spawns at location [A,19].
    A Grunt(id:3) moves: [C,24] -> [C,22]
      A enemy projectile(id:-20) spawns at location [C,21].
    A Grunt(id:4) moves: [B,26] -> [B,24]
      A enemy projectile(id:-21) spawns at location [B,23].
    A Grunt(id:5) moves: [D,28] -> [D,26]
      A enemy projectile(id:-22) spawns at location [D,25].
    A Grunt(id:6) moves: [A,30] -> [A,28]
      A enemy projectile(id:-23) spawns at location [A,27].
  Natural Enemy Spawn:
    A Grunt(id:7) spawns at location [B,30].
      1  2  3  4  5  6  7  8  9 10 11 12 13 14 15 16 17 18 19 20 21 22 23 24 25 26 27 28 29 30
    A _  _  _  _  _  _  <  _  <  _  <  _  <  _  <  _  <  G  <  G  _  _  _  _  _  _  <  G  _  _
    B _  _  _  _  _  _  _  _  _  _  _  _  _  _  _  _  _  _  <  _  <  _  <  G  _  _  _  _  _  G
    C S  *  _  _  _  _  _  _  _  _  _  _  _  _  _  _  _  _  <  _  <  G  _  _  _  _  _  _  _  _
    D _  _  _  _  _  _  _  _  _  _  _  _  _  _  _  _  _  _  _  _  _  _  <  _  <  G  _  _  _  _
    E _  _  _  _  _  _  _  _  _  _  _  _  _  _  _  _  _  _  _  _  _  _  _  _  _  _  _  _  _  _
->pass
  state:in game(8.0), debug, ok
  Starfighter:
    [0,S]->health:70/70, energy:70/70, Regen:1/3, Armour:1, Vision:13, Move:10, Move Cost:3, location:[C,1]
      Projectile Pattern:Standard, Projectile Damage:70, Projectile Cost:5 (energy)
      Power:Recall (50 energy): Teleport back to spawn.
      score:0
  Enemy:
    [1,G]->health:160/160, Regen:1, Armour:1, Vision:5, seen_by_Starfighter:F, can_see_Starfighter:F, location:[A,16]
    [2,G]->health:150/150, Regen:1, Armour:1, Vision:5, seen_by_Starfighter:F, can_see_Starfighter:F, location:[A,18]
    [3,G]->health:104/140, Regen:1, Armour:1, Vision:5, seen_by_Starfighter:F, can_see_Starfighter:F, location:[C,20]
    [4,G]->health:130/130, Regen:1, Armour:1, Vision:5, seen_by_Starfighter:F, can_see_Starfighter:F, location:[B,22]
    [5,G]->health:120/120, Regen:1, Armour:1, Vision:5, seen_by_Starfighter:F, can_see_Starfighter:F, location:[D,24]
    [6,G]->health:110/110, Regen:1, Armour:1, Vision:5, seen_by_Starfighter:F, can_see_Starfighter:F, location:[A,26]
    [7,G]->health:110/110, Regen:1, Armour:1, Vision:5, seen_by_Starfighter:F, can_see_Starfighter:F, location:[B,28]
    [8,G]->health:100/100, Regen:1, Armour:1, Vision:5, seen_by_Starfighter:F, can_see_Starfighter:F, location:[E,30]
  Projectile:
    [-2,<]->damage:15, move:4, location:[A,3]
    [-3,<]->damage:15, move:4, location:[A,5]
    [-5,<]->damage:15, move:4, location:[A,7]
    [-8,<]->damage:15, move:4, location:[A,9]
    [-11,<]->damage:15, move:4, location:[B,15]
    [-12,<]->damage:15, move:4, location:[A,11]
    [-14,<]->damage:15, move:4, location:[C,15]
    [-15,<]->damage:15, move:4, location:[B,17]
    [-16,<]->damage:15, move:4, location:[D,19]
    [-17,*]->damage:70, move:5, location:[C,7]
    [-18,<]->damage:15, move:4, location:[A,13]
    [-20,<]->damage:15, move:4, location:[C,17]
    [-21,<]->damage:15, move:4, location:[B,19]
    [-22,<]->damage:15, move:4, location:[D,21]
    [-23,<]->damage:15, move:4, location:[A,23]
    [-24,<]->damage:15, move:4, location:[A,15]
    [-25,<]->damage:15, move:4, location:[A,17]
    [-26,<]->damage:15, move:4, location:[C,19]
    [-27,<]->damage:15, move:4, location:[B,21]
    [-28,<]->damage:15, move:4, location:[D,23]
    [-29,<]->damage:15, move:4, location:[A,25]
    [-30,<]->damage:15, move:4, location:[B,27]
  Friendly Projectile Action:
    A friendly projectile(id:-17) moves: [C,2] -> [C,7]
  Enemy Projectile Action:
    A enemy projectile(id:-2) moves: [A,7] -> [A,3]
    A enemy projectile(id:-3) moves: [A,9] -> [A,5]
    A enemy projectile(id:-5) moves: [A,11] -> [A,7]
    A enemy projectile(id:-8) moves: [A,13] -> [A,9]
    A enemy projectile(id:-11) moves: [B,19] -> [B,15]
    A enemy projectile(id:-12) moves: [A,15] -> [A,11]
    A enemy projectile(id:-14) moves: [C,19] -> [C,15]
    A enemy projectile(id:-15) moves: [B,21] -> [B,17]
    A enemy projectile(id:-16) moves: [D,23] -> [D,19]
    A enemy projectile(id:-18) moves: [A,17] -> [A,13]
    A enemy projectile(id:-19) moves: [A,19] -> [A,18]
      The projectile collides with Grunt(id:1) at location [A,18], healing 15 damage.
    A enemy projectile(id:-20) moves: [C,21] -> [C,17]
    A enemy projectile(id:-21) moves: [B,23] -> [B,19]
    A enemy projectile(id:-22) moves: [D,25] -> [D,21]
    A enemy projectile(id:-23) moves: [A,27] -> [A,23]
  Starfighter Action:
    The Starfighter(id:0) passes at location [C,1], doubling regen rate.
  Enemy Action:
    A Grunt(id:1) gains 10 total health.
    A Grunt(id:2) gains 10 total health.
    A Grunt(id:3) gains 10 total health.
    A Grunt(id:4) gains 10 total health.
    A Grunt(id:5) gains 10 total health.
    A Grunt(id:6) gains 10 total health.
    A Grunt(id:7) gains 10 total health.
    A Grunt(id:1) moves: [A,18] -> [A,16]
      A enemy projectile(id:-24) spawns at location [A,15].
    A Grunt(id:2) moves: [A,20] -> [A,18]
      A enemy projectile(id:-25) spawns at location [A,17].
    A Grunt(id:3) moves: [C,22] -> [C,20]
      A enemy projectile(id:-26) spawns at location [C,19].
    A Grunt(id:4) moves: [B,24] -> [B,22]
      A enemy projectile(id:-27) spawns at location [B,21].
    A Grunt(id:5) moves: [D,26] -> [D,24]
      A enemy projectile(id:-28) spawns at location [D,23].
    A Grunt(id:6) moves: [A,28] -> [A,26]
      A enemy projectile(id:-29) spawns at location [A,25].
    A Grunt(id:7) moves: [B,30] -> [B,28]
      A enemy projectile(id:-30) spawns at location [B,27].
  Natural Enemy Spawn:
    A Grunt(id:8) spawns at location [E,30].
      1  2  3  4  5  6  7  8  9 10 11 12 13 14 15 16 17 18 19 20 21 22 23 24 25 26 27 28 29 30
    A _  _  <  _  <  _  <  _  <  _  <  _  <  _  <  G  <  G  _  _  _  _  <  _  <  G  _  _  _  _
    B _  _  _  _  _  _  _  _  _  _  _  _  _  _  <  _  <  _  <  _  <  G  _  _  _  _  <  G  _  _
    C S  _  _  _  _  _  *  _  _  _  _  _  _  _  <  _  <  _  <  G  _  _  _  _  _  _  _  _  _  _
    D _  _  _  _  _  _  _  _  _  _  _  _  _  _  _  _  _  _  <  _  <  _  <  G  _  _  _  _  _  _
    E _  _  _  _  _  _  _  _  _  _  _  _  _  _  _  _  _  _  _  _  _  _  _  _  _  _  _  _  _  G
